#
# There is insufficient memory for the Java Runtime Environment to continue.
# Native memory allocation (malloc) failed to allocate 1609712 bytes for Chunk::new
# Possible reasons:
#   The system is out of physical RAM or swap space
#   The process is running with CompressedOops enabled, and the Java Heap may be blocking the growth of the native heap
# Possible solutions:
#   Reduce memory load on the system
#   Increase physical memory or swap space
#   Check if swap backing store is full
#   Decrease Java heap size (-Xmx/-Xms)
#   Decrease number of Java threads
#   Decrease Java thread stack sizes (-Xss)
#   Set larger code cache with -XX:ReservedCodeCacheSize=
#   JVM is running with Unscaled Compressed Oops mode in which the Java heap is
#     placed in the first 4GB address space. The Java Heap base address is the
#     maximum limit for the native heap growth. Please use -XX:HeapBaseMinAddress
#     to set the Java Heap base and to place the Java Heap above 4GB virtual address.
# This output file may be truncated or incomplete.
#
#  Out of Memory Error (arena.cpp:168), pid=24764, tid=24004
#
# JRE version: Java(TM) SE Runtime Environment (21.0.8+12) (build 21.0.8+12-LTS-250)
# Java VM: Java HotSpot(TM) 64-Bit Server VM (21.0.8+12-LTS-250, mixed mode, sharing, tiered, compressed oops, compressed class ptrs, g1 gc, windows-amd64)
# No core dump will be written. Minidumps are not enabled by default on client versions of Windows
#

---------------  S U M M A R Y ------------

Command Line: -Dfile.encoding=UTF-8 -XX:+ShowCodeDetailsInExceptionMessages com.alpha.projectSpring.ProjectSpringApplication

Host: AMD Ryzen 3 3250U with Radeon Graphics         , 4 cores, 3G,  Windows 10 , 64 bit Build 19041 (10.0.19041.662)
Time: Tue Feb 17 23:45:30 2026 India Standard Time elapsed time: 1321.039185 seconds (0d 0h 22m 1s)

---------------  T H R E A D  ---------------

Current thread (0x0000028bfa478e70):  JavaThread "C2 CompilerThread0" daemon [_thread_in_native, id=24004, stack(0x000000b5f8d00000,0x000000b5f8e00000) (1024K)]


Current CompileTask:
C2:1321039 6620 % !   4       org.springframework.beans.factory.support.DefaultListableBeanFactory::doGetBeanNamesForType @ 20 (527 bytes)

Stack: [0x000000b5f8d00000,0x000000b5f8e00000]
Native frames: (J=compiled Java code, j=interpreted, Vv=VM code, C=native code)
V  [jvm.dll+0x6cc179]
V  [jvm.dll+0x8584c1]
V  [jvm.dll+0x85a9ee]
V  [jvm.dll+0x85b0c3]
V  [jvm.dll+0x27ebf6]
V  [jvm.dll+0xc4f4d]
V  [jvm.dll+0xc5483]
V  [jvm.dll+0x3b6abc]
V  [jvm.dll+0x382a35]
V  [jvm.dll+0x381eaa]
V  [jvm.dll+0x247670]
V  [jvm.dll+0x246c4f]
V  [jvm.dll+0x1c7a3e]
V  [jvm.dll+0x256359]
V  [jvm.dll+0x2548ea]
V  [jvm.dll+0x3efef6]
V  [jvm.dll+0x80279b]
V  [jvm.dll+0x6ca85d]
C  [ucrtbase.dll+0x214c2]
C  [KERNEL32.DLL+0x17034]
C  [ntdll.dll+0x4d0d1]


---------------  P R O C E S S  ---------------

Threads class SMR info:
_java_thread_list=0x0000028bd1fcabe0, length=14, elements={
0x0000028bfa463ac0, 0x0000028bfa467940, 0x0000028bfa4697d0, 0x0000028bfa46a220,
0x0000028bfa46ae20, 0x0000028bfa46ef20, 0x0000028bfa478e70, 0x0000028bfa47b910,
0x0000028bfa6b8110, 0x0000028bfa6c0710, 0x0000028bd0ec9b60, 0x0000028bd17d9710,
0x0000028bd17d9080, 0x0000028bd17d9da0
}

Java Threads: ( => current thread )
  0x0000028bfa463ac0 JavaThread "Reference Handler"          daemon [_thread_blocked, id=15632, stack(0x000000b5f8700000,0x000000b5f8800000) (1024K)]
  0x0000028bfa467940 JavaThread "Finalizer"                  daemon [_thread_blocked, id=1652, stack(0x000000b5f8800000,0x000000b5f8900000) (1024K)]
  0x0000028bfa4697d0 JavaThread "Signal Dispatcher"          daemon [_thread_blocked, id=26892, stack(0x000000b5f8900000,0x000000b5f8a00000) (1024K)]
  0x0000028bfa46a220 JavaThread "Attach Listener"            daemon [_thread_blocked, id=28460, stack(0x000000b5f8a00000,0x000000b5f8b00000) (1024K)]
  0x0000028bfa46ae20 JavaThread "Service Thread"             daemon [_thread_blocked, id=20020, stack(0x000000b5f8b00000,0x000000b5f8c00000) (1024K)]
  0x0000028bfa46ef20 JavaThread "Monitor Deflation Thread"   daemon [_thread_blocked, id=26976, stack(0x000000b5f8c00000,0x000000b5f8d00000) (1024K)]
=>0x0000028bfa478e70 JavaThread "C2 CompilerThread0"         daemon [_thread_in_native, id=24004, stack(0x000000b5f8d00000,0x000000b5f8e00000) (1024K)]
  0x0000028bfa47b910 JavaThread "C1 CompilerThread0"         daemon [_thread_blocked, id=15660, stack(0x000000b5f8e00000,0x000000b5f8f00000) (1024K)]
  0x0000028bfa6b8110 JavaThread "Notification Thread"        daemon [_thread_blocked, id=21324, stack(0x000000b5f8f00000,0x000000b5f9000000) (1024K)]
  0x0000028bfa6c0710 JavaThread "Common-Cleaner"             daemon [_thread_blocked, id=25904, stack(0x000000b5f9000000,0x000000b5f9100000) (1024K)]
  0x0000028bd0ec9b60 JavaThread "Cleaner-0"                  daemon [_thread_blocked, id=25728, stack(0x000000b5f9a00000,0x000000b5f9b00000) (1024K)]
  0x0000028bd17d9710 JavaThread "DestroyJavaVM"                     [_thread_blocked, id=24296, stack(0x000000b5f7f00000,0x000000b5f8000000) (1024K)]
  0x0000028bd17d9080 JavaThread "Thread-1"                          [_thread_blocked, id=23812, stack(0x000000b5f7c00000,0x000000b5f7d00000) (1024K)]
  0x0000028bd17d9da0 JavaThread "restartedMain"                     [_thread_in_vm, id=26812, stack(0x000000b5f9400000,0x000000b5f9500000) (1024K)]
Total: 14

Other Threads:
  0x0000028bfa44aea0 VMThread "VM Thread"                           [id=22960, stack(0x000000b5f8600000,0x000000b5f8700000) (1024K)]
  0x0000028bfa438de0 WatcherThread "VM Periodic Task Thread"        [id=24904, stack(0x000000b5f8500000,0x000000b5f8600000) (1024K)]
  0x0000028beeb12cb0 WorkerThread "GC Thread#0"                     [id=6604, stack(0x000000b5f8000000,0x000000b5f8100000) (1024K)]
  0x0000028bff38f9d0 WorkerThread "GC Thread#1"                     [id=23092, stack(0x000000b5f9100000,0x000000b5f9200000) (1024K)]
  0x0000028bff349720 WorkerThread "GC Thread#2"                     [id=11876, stack(0x000000b5f9200000,0x000000b5f9300000) (1024K)]
  0x0000028bff349ac0 WorkerThread "GC Thread#3"                     [id=10668, stack(0x000000b5f9300000,0x000000b5f9400000) (1024K)]
  0x0000028beeb1b170 ConcurrentGCThread "G1 Main Marker"            [id=20128, stack(0x000000b5f8100000,0x000000b5f8200000) (1024K)]
  0x0000028beeb1bb80 WorkerThread "G1 Conc#0"                       [id=14396, stack(0x000000b5f8200000,0x000000b5f8300000) (1024K)]
  0x0000028beeba8130 ConcurrentGCThread "G1 Refine#0"               [id=8956, stack(0x000000b5f8300000,0x000000b5f8400000) (1024K)]
  0x0000028beeba9bc0 ConcurrentGCThread "G1 Service"                [id=4448, stack(0x000000b5f8400000,0x000000b5f8500000) (1024K)]
Total: 10

Threads with active compile tasks:
C2 CompilerThread0  1321133 6620 % !   4       org.springframework.beans.factory.support.DefaultListableBeanFactory::doGetBeanNamesForType @ 20 (527 bytes)
Total: 1

VM state: not at safepoint (normal execution)

VM Mutex/Monitor currently owned by a thread: None

Heap address: 0x00000000c9c00000, size: 868 MB, Compressed Oops mode: 32-bit

CDS archive(s) mapped at: [0x0000028b8f000000-0x0000028b8fc90000-0x0000028b8fc90000), size 13172736, SharedBaseAddress: 0x0000028b8f000000, ArchiveRelocationMode: 1.
Compressed class space mapped at: 0x0000028b90000000-0x0000028bd0000000, reserved size: 1073741824
Narrow klass base: 0x0000028b8f000000, Narrow klass shift: 0, Narrow klass range: 0x100000000

GC Precious Log:
 CardTable entry size: 512
 Card Set container configuration: InlinePtr #cards 5 size 8 Array Of Cards #cards 12 size 40 Howl #buckets 4 coarsen threshold 1843 Howl Bitmap #cards 512 size 80 coarsen threshold 460 Card regions per heap region 1 cards per card region 2048
 CPUs: 4 total, 4 available
 Memory: 3470M
 Large Page Support: Disabled
 NUMA Support: Disabled
 Compressed Oops: Enabled (32-bit)
 Heap Region Size: 1M
 Heap Min Capacity: 8M
 Heap Initial Capacity: 56M
 Heap Max Capacity: 868M
 Pre-touch: Disabled
 Parallel Workers: 4
 Concurrent Workers: 1
 Concurrent Refinement Workers: 4
 Periodic GC: Disabled

Heap:
 garbage-first heap   total 55296K, used 45756K [0x00000000c9c00000, 0x0000000100000000)
  region size 1024K, 22 young (22528K), 0 survivors (0K)
 Metaspace       used 66803K, committed 67520K, reserved 1114112K
  class space    used 9079K, committed 9408K, reserved 1048576K

Heap Regions: E=young(eden), S=young(survivor), O=old, HS=humongous(starts), HC=humongous(continues), CS=collection set, F=free, TAMS=top-at-mark-start, PB=parsable bottom
|   0|0x00000000c9c00000, 0x00000000c9d00000, 0x00000000c9d00000|100%|HS|  |TAMS 0x00000000c9c00000| PB 0x00000000c9c00000| Untracked 
|   1|0x00000000c9d00000, 0x00000000c9e00000, 0x00000000c9e00000|100%|HS|  |TAMS 0x00000000c9d00000| PB 0x00000000c9d00000| Untracked 
|   2|0x00000000c9e00000, 0x00000000c9f00000, 0x00000000c9f00000|100%| O|  |TAMS 0x00000000c9e00000| PB 0x00000000c9e00000| Untracked 
|   3|0x00000000c9f00000, 0x00000000ca000000, 0x00000000ca000000|100%| O|  |TAMS 0x00000000c9f00000| PB 0x00000000c9f00000| Untracked 
|   4|0x00000000ca000000, 0x00000000ca0fffe8, 0x00000000ca100000| 99%| O|  |TAMS 0x00000000ca000000| PB 0x00000000ca000000| Untracked 
|   5|0x00000000ca100000, 0x00000000ca200000, 0x00000000ca200000|100%| O|  |TAMS 0x00000000ca100000| PB 0x00000000ca100000| Untracked 
|   6|0x00000000ca200000, 0x00000000ca2fffc8, 0x00000000ca300000| 99%| O|  |TAMS 0x00000000ca200000| PB 0x00000000ca200000| Untracked 
|   7|0x00000000ca300000, 0x00000000ca3ffff8, 0x00000000ca400000| 99%| O|  |TAMS 0x00000000ca300000| PB 0x00000000ca300000| Untracked 
|   8|0x00000000ca400000, 0x00000000ca4fffe8, 0x00000000ca500000| 99%| O|  |TAMS 0x00000000ca400000| PB 0x00000000ca400000| Untracked 
|   9|0x00000000ca500000, 0x00000000ca5ffff8, 0x00000000ca600000| 99%| O|  |TAMS 0x00000000ca500000| PB 0x00000000ca500000| Untracked 
|  10|0x00000000ca600000, 0x00000000ca6fffc0, 0x00000000ca700000| 99%| O|  |TAMS 0x00000000ca600000| PB 0x00000000ca600000| Untracked 
|  11|0x00000000ca700000, 0x00000000ca7fffd8, 0x00000000ca800000| 99%| O|  |TAMS 0x00000000ca700000| PB 0x00000000ca700000| Untracked 
|  12|0x00000000ca800000, 0x00000000ca8fffc0, 0x00000000ca900000| 99%| O|  |TAMS 0x00000000ca800000| PB 0x00000000ca800000| Untracked 
|  13|0x00000000ca900000, 0x00000000caa00000, 0x00000000caa00000|100%| O|  |TAMS 0x00000000ca900000| PB 0x00000000ca900000| Untracked 
|  14|0x00000000caa00000, 0x00000000cab00000, 0x00000000cab00000|100%| O|  |TAMS 0x00000000caa00000| PB 0x00000000caa00000| Untracked 
|  15|0x00000000cab00000, 0x00000000cabffec8, 0x00000000cac00000| 99%| O|  |TAMS 0x00000000cab00000| PB 0x00000000cab00000| Untracked 
|  16|0x00000000cac00000, 0x00000000cacffbb0, 0x00000000cad00000| 99%| O|  |TAMS 0x00000000cac00000| PB 0x00000000cac00000| Untracked 
|  17|0x00000000cad00000, 0x00000000cadffff8, 0x00000000cae00000| 99%| O|  |TAMS 0x00000000cad00000| PB 0x00000000cad00000| Untracked 
|  18|0x00000000cae00000, 0x00000000caefffd0, 0x00000000caf00000| 99%| O|  |TAMS 0x00000000cae00000| PB 0x00000000cae00000| Untracked 
|  19|0x00000000caf00000, 0x00000000caffffd8, 0x00000000cb000000| 99%| O|  |TAMS 0x00000000caf00000| PB 0x00000000caf00000| Untracked 
|  20|0x00000000cb000000, 0x00000000cb0fffb0, 0x00000000cb100000| 99%| O|  |TAMS 0x00000000cb000000| PB 0x00000000cb000000| Untracked 
|  21|0x00000000cb100000, 0x00000000cb10dfc8, 0x00000000cb200000|  5%| O|  |TAMS 0x00000000cb100000| PB 0x00000000cb100000| Untracked 
|  22|0x00000000cb200000, 0x00000000cb300000, 0x00000000cb300000|100%| O|  |TAMS 0x00000000cb200000| PB 0x00000000cb200000| Untracked 
|  23|0x00000000cb300000, 0x00000000cb3cad88, 0x00000000cb400000| 79%| O|  |TAMS 0x00000000cb300000| PB 0x00000000cb300000| Untracked 
|  24|0x00000000cb400000, 0x00000000cb400000, 0x00000000cb500000|  0%| F|  |TAMS 0x00000000cb400000| PB 0x00000000cb400000| Untracked 
|  25|0x00000000cb500000, 0x00000000cb5d6e00, 0x00000000cb600000| 83%| O|  |TAMS 0x00000000cb500000| PB 0x00000000cb500000| Untracked 
|  26|0x00000000cb600000, 0x00000000cb600000, 0x00000000cb700000|  0%| F|  |TAMS 0x00000000cb600000| PB 0x00000000cb600000| Untracked 
|  27|0x00000000cb700000, 0x00000000cb700000, 0x00000000cb800000|  0%| F|  |TAMS 0x00000000cb700000| PB 0x00000000cb700000| Untracked 
|  28|0x00000000cb800000, 0x00000000cb800000, 0x00000000cb900000|  0%| F|  |TAMS 0x00000000cb800000| PB 0x00000000cb800000| Untracked 
|  29|0x00000000cb900000, 0x00000000cb900000, 0x00000000cba00000|  0%| F|  |TAMS 0x00000000cb900000| PB 0x00000000cb900000| Untracked 
|  30|0x00000000cba00000, 0x00000000cba00000, 0x00000000cbb00000|  0%| F|  |TAMS 0x00000000cba00000| PB 0x00000000cba00000| Untracked 
|  31|0x00000000cbb00000, 0x00000000cbb00000, 0x00000000cbc00000|  0%| F|  |TAMS 0x00000000cbb00000| PB 0x00000000cbb00000| Untracked 
|  32|0x00000000cbc00000, 0x00000000cbc964f0, 0x00000000cbd00000| 58%| E|  |TAMS 0x00000000cbc00000| PB 0x00000000cbc00000| Complete 
|  33|0x00000000cbd00000, 0x00000000cbe00000, 0x00000000cbe00000|100%| E|CS|TAMS 0x00000000cbd00000| PB 0x00000000cbd00000| Complete 
|  34|0x00000000cbe00000, 0x00000000cbf00000, 0x00000000cbf00000|100%| E|CS|TAMS 0x00000000cbe00000| PB 0x00000000cbe00000| Complete 
|  35|0x00000000cbf00000, 0x00000000cc000000, 0x00000000cc000000|100%| E|CS|TAMS 0x00000000cbf00000| PB 0x00000000cbf00000| Complete 
|  36|0x00000000cc000000, 0x00000000cc100000, 0x00000000cc100000|100%| E|CS|TAMS 0x00000000cc000000| PB 0x00000000cc000000| Complete 
|  37|0x00000000cc100000, 0x00000000cc200000, 0x00000000cc200000|100%| E|CS|TAMS 0x00000000cc100000| PB 0x00000000cc100000| Complete 
|  38|0x00000000cc200000, 0x00000000cc300000, 0x00000000cc300000|100%| E|CS|TAMS 0x00000000cc200000| PB 0x00000000cc200000| Complete 
|  39|0x00000000cc300000, 0x00000000cc400000, 0x00000000cc400000|100%| E|CS|TAMS 0x00000000cc300000| PB 0x00000000cc300000| Complete 
|  40|0x00000000cc400000, 0x00000000cc500000, 0x00000000cc500000|100%| E|CS|TAMS 0x00000000cc400000| PB 0x00000000cc400000| Complete 
|  41|0x00000000cc500000, 0x00000000cc600000, 0x00000000cc600000|100%| E|CS|TAMS 0x00000000cc500000| PB 0x00000000cc500000| Complete 
|  42|0x00000000cc600000, 0x00000000cc700000, 0x00000000cc700000|100%| E|CS|TAMS 0x00000000cc600000| PB 0x00000000cc600000| Complete 
|  43|0x00000000cc700000, 0x00000000cc800000, 0x00000000cc800000|100%| E|CS|TAMS 0x00000000cc700000| PB 0x00000000cc700000| Complete 
|  44|0x00000000cc800000, 0x00000000cc900000, 0x00000000cc900000|100%| E|CS|TAMS 0x00000000cc800000| PB 0x00000000cc800000| Complete 
|  45|0x00000000cc900000, 0x00000000cca00000, 0x00000000cca00000|100%| E|CS|TAMS 0x00000000cc900000| PB 0x00000000cc900000| Complete 
|  46|0x00000000cca00000, 0x00000000ccb00000, 0x00000000ccb00000|100%| E|CS|TAMS 0x00000000cca00000| PB 0x00000000cca00000| Complete 
|  47|0x00000000ccb00000, 0x00000000ccc00000, 0x00000000ccc00000|100%| E|CS|TAMS 0x00000000ccb00000| PB 0x00000000ccb00000| Complete 
|  48|0x00000000ccc00000, 0x00000000ccd00000, 0x00000000ccd00000|100%| E|CS|TAMS 0x00000000ccc00000| PB 0x00000000ccc00000| Complete 
|  49|0x00000000ccd00000, 0x00000000cce00000, 0x00000000cce00000|100%| E|CS|TAMS 0x00000000ccd00000| PB 0x00000000ccd00000| Complete 
|  50|0x00000000cce00000, 0x00000000ccf00000, 0x00000000ccf00000|100%| E|CS|TAMS 0x00000000cce00000| PB 0x00000000cce00000| Complete 
|  51|0x00000000ccf00000, 0x00000000cd000000, 0x00000000cd000000|100%| E|CS|TAMS 0x00000000ccf00000| PB 0x00000000ccf00000| Complete 
|  52|0x00000000cd000000, 0x00000000cd100000, 0x00000000cd100000|100%| E|CS|TAMS 0x00000000cd000000| PB 0x00000000cd000000| Complete 
|  55|0x00000000cd300000, 0x00000000cd400000, 0x00000000cd400000|100%| E|CS|TAMS 0x00000000cd300000| PB 0x00000000cd300000| Complete 

Card table byte_map: [0x0000028bf6f80000,0x0000028bf7140000] _byte_map_base: 0x0000028bf6932000

Marking Bits: (CMBitMap*) 0x0000028beeb132c0
 Bits: [0x0000028bf7140000, 0x0000028bf7ed0000)

Polling page: 0x0000028beca40000

Metaspace:

Usage:
  Non-class:     56.37 MB used.
      Class:      8.87 MB used.
       Both:     65.24 MB used.

Virtual space:
  Non-class space:       64.00 MB reserved,      56.75 MB ( 89%) committed,  1 nodes.
      Class space:        1.00 GB reserved,       9.19 MB ( <1%) committed,  1 nodes.
             Both:        1.06 GB reserved,      65.94 MB (  6%) committed. 

Chunk freelists:
   Non-Class:  7.20 MB
       Class:  6.80 MB
        Both:  14.00 MB

MaxMetaspaceSize: unlimited
CompressedClassSpaceSize: 1.00 GB
Initial GC threshold: 21.00 MB
Current GC threshold: 109.38 MB
CDS: on
 - commit_granule_bytes: 65536.
 - commit_granule_words: 8192.
 - virtual_space_node_default_size: 8388608.
 - enlarge_chunks_in_place: 1.
 - use_allocation_guard: 0.


Internal statistics:

num_allocs_failed_limit: 9.
num_arena_births: 986.
num_arena_deaths: 46.
num_vsnodes_births: 2.
num_vsnodes_deaths: 0.
num_space_committed: 1055.
num_space_uncommitted: 0.
num_chunks_returned_to_freelist: 64.
num_chunks_taken_from_freelist: 3517.
num_chunk_merges: 13.
num_chunk_splits: 2439.
num_chunks_enlarged: 1881.
num_inconsistent_stats: 0.

CodeHeap 'non-profiled nmethods': size=120000Kb used=3104Kb max_used=3312Kb free=116896Kb
 bounds [0x0000028b87ad0000, 0x0000028b87e10000, 0x0000028b8f000000]
CodeHeap 'profiled nmethods': size=120000Kb used=9743Kb max_used=9989Kb free=110256Kb
 bounds [0x0000028b80000000, 0x0000028b80a00000, 0x0000028b87530000]
CodeHeap 'non-nmethods': size=5760Kb used=1660Kb max_used=1701Kb free=4099Kb
 bounds [0x0000028b87530000, 0x0000028b877a0000, 0x0000028b87ad0000]
 total_blobs=5679 nmethods=4980 adapters=603
 compilation: enabled
              stopped_count=0, restarted_count=0
 full_count=0

Compilation events (20 events):
Event: 1320.943 Thread 0x0000028bfa47b910 6630       3       org.springframework.beans.factory.support.CglibSubclassingInstantiationStrategy::getActualBeanClass (29 bytes)
Event: 1320.943 Thread 0x0000028bfa47b910 nmethod 6630 0x0000028b806b6590 code [0x0000028b806b67a0, 0x0000028b806b6d78]
Event: 1320.944 Thread 0x0000028bfa47b910 6631       3       org.springframework.beans.factory.support.InstantiationStrategy::getActualBeanClass (5 bytes)
Event: 1320.944 Thread 0x0000028bfa47b910 nmethod 6631 0x0000028b804d3510 code [0x0000028b804d36c0, 0x0000028b804d3890]
Event: 1320.967 Thread 0x0000028bfa47b910 6632       1       org.springframework.context.annotation.ConfigurationClass::getBeanRegistrars (5 bytes)
Event: 1320.967 Thread 0x0000028bfa47b910 nmethod 6632 0x0000028b87ba9890 code [0x0000028b87ba9a20, 0x0000028b87ba9ae8]
Event: 1320.969 Thread 0x0000028bfa47b910 6633       3       org.springframework.context.annotation.ConfigurationClassUtils::isConfigurationCandidate (59 bytes)
Event: 1320.969 Thread 0x0000028bfa47b910 nmethod 6633 0x0000028b806c0c10 code [0x0000028b806c0e40, 0x0000028b806c1548]
Event: 1320.973 Thread 0x0000028bfa47b910 6635       3       org.springframework.core.annotation.AnnotationUtils::isCandidateClass (22 bytes)
Event: 1320.974 Thread 0x0000028bfa47b910 nmethod 6635 0x0000028b80932c10 code [0x0000028b80932e20, 0x0000028b80933328]
Event: 1320.974 Thread 0x0000028bfa47b910 6636       3       org.springframework.core.type.StandardAnnotationMetadata::isAnnotatedMethod (29 bytes)
Event: 1320.975 Thread 0x0000028bfa47b910 nmethod 6636 0x0000028b80541410 code [0x0000028b80541680, 0x0000028b80542098]
Event: 1320.993 Thread 0x0000028bfa47b910 6637       1       org.springframework.core.type.StandardClassMetadata::getIntrospectedClass (5 bytes)
Event: 1320.993 Thread 0x0000028bfa47b910 nmethod 6637 0x0000028b87bb6710 code [0x0000028b87bb68a0, 0x0000028b87bb6968]
Event: 1321.013 Thread 0x0000028bfa47b910 6638       1       org.springframework.context.annotation.ConfigurationClassBeanDefinitionReader$ConfigurationClassBeanDefinition::getFactoryMethodMetadata (5 bytes)
Event: 1321.014 Thread 0x0000028bfa47b910 nmethod 6638 0x0000028b87bb6410 code [0x0000028b87bb65a0, 0x0000028b87bb6670]
Event: 1321.014 Thread 0x0000028bfa47b910 6639       1       org.springframework.beans.factory.annotation.AnnotatedGenericBeanDefinition::getFactoryMethodMetadata (5 bytes)
Event: 1321.014 Thread 0x0000028bfa47b910 nmethod 6639 0x0000028b87bd3410 code [0x0000028b87bd35a0, 0x0000028b87bd3668]
Event: 1321.021 Thread 0x0000028bfa47b910 6640       3       org.springframework.context.support.PropertySourcesPlaceholderConfigurer::lambda$processProperties$0 (54 bytes)
Event: 1321.022 Thread 0x0000028bfa47b910 nmethod 6640 0x0000028b80864c90 code [0x0000028b80864ec0, 0x0000028b80865500]

GC Heap History (20 events):
Event: 11.474 GC heap before
{Heap before GC invocations=7 (full 0):
 garbage-first heap   total 55296K, used 43540K [0x00000000c9c00000, 0x0000000100000000)
  region size 1024K, 31 young (31744K), 4 survivors (4096K)
 Metaspace       used 31815K, committed 32384K, reserved 1114112K
  class space    used 4035K, committed 4288K, reserved 1048576K
}
Event: 11.492 GC heap after
{Heap after GC invocations=8 (full 0):
 garbage-first heap   total 55296K, used 18719K [0x00000000c9c00000, 0x0000000100000000)
  region size 1024K, 3 young (3072K), 3 survivors (3072K)
 Metaspace       used 31815K, committed 32384K, reserved 1114112K
  class space    used 4035K, committed 4288K, reserved 1048576K
}
Event: 12.607 GC heap before
{Heap before GC invocations=8 (full 0):
 garbage-first heap   total 55296K, used 33055K [0x00000000c9c00000, 0x0000000100000000)
  region size 1024K, 18 young (18432K), 3 survivors (3072K)
 Metaspace       used 35415K, committed 35968K, reserved 1114112K
  class space    used 4737K, committed 4992K, reserved 1048576K
}
Event: 12.615 GC heap after
{Heap after GC invocations=9 (full 0):
 garbage-first heap   total 55296K, used 19982K [0x00000000c9c00000, 0x0000000100000000)
  region size 1024K, 2 young (2048K), 2 survivors (2048K)
 Metaspace       used 35415K, committed 35968K, reserved 1114112K
  class space    used 4737K, committed 4992K, reserved 1048576K
}
Event: 14.495 GC heap before
{Heap before GC invocations=10 (full 0):
 garbage-first heap   total 55296K, used 44558K [0x00000000c9c00000, 0x0000000100000000)
  region size 1024K, 27 young (27648K), 2 survivors (2048K)
 Metaspace       used 42838K, committed 43456K, reserved 1114112K
  class space    used 5784K, committed 6080K, reserved 1048576K
}
Event: 14.503 GC heap after
{Heap after GC invocations=11 (full 0):
 garbage-first heap   total 55296K, used 21745K [0x00000000c9c00000, 0x0000000100000000)
  region size 1024K, 4 young (4096K), 4 survivors (4096K)
 Metaspace       used 42838K, committed 43456K, reserved 1114112K
  class space    used 5784K, committed 6080K, reserved 1048576K
}
Event: 16.217 GC heap before
{Heap before GC invocations=11 (full 0):
 garbage-first heap   total 55296K, used 45297K [0x00000000c9c00000, 0x0000000100000000)
  region size 1024K, 27 young (27648K), 4 survivors (4096K)
 Metaspace       used 48905K, committed 49536K, reserved 1114112K
  class space    used 6536K, committed 6784K, reserved 1048576K
}
Event: 16.227 GC heap after
{Heap after GC invocations=12 (full 0):
 garbage-first heap   total 55296K, used 22957K [0x00000000c9c00000, 0x0000000100000000)
  region size 1024K, 4 young (4096K), 4 survivors (4096K)
 Metaspace       used 48905K, committed 49536K, reserved 1114112K
  class space    used 6536K, committed 6784K, reserved 1048576K
}
Event: 17.889 GC heap before
{Heap before GC invocations=12 (full 0):
 garbage-first heap   total 55296K, used 44461K [0x00000000c9c00000, 0x0000000100000000)
  region size 1024K, 26 young (26624K), 4 survivors (4096K)
 Metaspace       used 55964K, committed 56576K, reserved 1114112K
  class space    used 7639K, committed 7936K, reserved 1048576K
}
Event: 17.897 GC heap after
{Heap after GC invocations=13 (full 0):
 garbage-first heap   total 55296K, used 24012K [0x00000000c9c00000, 0x0000000100000000)
  region size 1024K, 3 young (3072K), 3 survivors (3072K)
 Metaspace       used 55964K, committed 56576K, reserved 1114112K
  class space    used 7639K, committed 7936K, reserved 1048576K
}
Event: 18.742 GC heap before
{Heap before GC invocations=13 (full 0):
 garbage-first heap   total 55296K, used 38348K [0x00000000c9c00000, 0x0000000100000000)
  region size 1024K, 19 young (19456K), 3 survivors (3072K)
 Metaspace       used 59513K, committed 60096K, reserved 1114112K
  class space    used 8111K, committed 8384K, reserved 1048576K
}
Event: 18.751 GC heap after
{Heap after GC invocations=14 (full 0):
 garbage-first heap   total 55296K, used 25436K [0x00000000c9c00000, 0x0000000100000000)
  region size 1024K, 3 young (3072K), 3 survivors (3072K)
 Metaspace       used 59513K, committed 60096K, reserved 1114112K
  class space    used 8111K, committed 8384K, reserved 1048576K
}
Event: 20.181 GC heap before
{Heap before GC invocations=15 (full 0):
 garbage-first heap   total 55296K, used 46940K [0x00000000c9c00000, 0x0000000100000000)
  region size 1024K, 24 young (24576K), 3 survivors (3072K)
 Metaspace       used 62270K, committed 62912K, reserved 1114112K
  class space    used 8551K, committed 8832K, reserved 1048576K
}
Event: 20.189 GC heap after
{Heap after GC invocations=16 (full 0):
 garbage-first heap   total 55296K, used 27272K [0x00000000c9c00000, 0x0000000100000000)
  region size 1024K, 3 young (3072K), 3 survivors (3072K)
 Metaspace       used 62270K, committed 62912K, reserved 1114112K
  class space    used 8551K, committed 8832K, reserved 1048576K
}
Event: 218.951 GC heap before
{Heap before GC invocations=16 (full 0):
 garbage-first heap   total 55296K, used 46728K [0x00000000c9c00000, 0x0000000100000000)
  region size 1024K, 23 young (23552K), 3 survivors (3072K)
 Metaspace       used 65989K, committed 66688K, reserved 1114112K
  class space    used 9005K, committed 9344K, reserved 1048576K
}
Event: 219.008 GC heap after
{Heap after GC invocations=17 (full 0):
 garbage-first heap   total 55296K, used 28763K [0x00000000c9c00000, 0x0000000100000000)
  region size 1024K, 2 young (2048K), 2 survivors (2048K)
 Metaspace       used 65989K, committed 66688K, reserved 1114112K
  class space    used 9005K, committed 9344K, reserved 1048576K
}
Event: 842.060 GC heap before
{Heap before GC invocations=17 (full 0):
 garbage-first heap   total 55296K, used 48219K [0x00000000c9c00000, 0x0000000100000000)
  region size 1024K, 21 young (21504K), 2 survivors (2048K)
 Metaspace       used 66460K, committed 67200K, reserved 1114112K
  class space    used 9055K, committed 9408K, reserved 1048576K
}
Event: 842.165 GC heap after
{Heap after GC invocations=18 (full 0):
 garbage-first heap   total 55296K, used 28863K [0x00000000c9c00000, 0x0000000100000000)
  region size 1024K, 2 young (2048K), 2 survivors (2048K)
 Metaspace       used 66460K, committed 67200K, reserved 1114112K
  class space    used 9055K, committed 9408K, reserved 1048576K
}
Event: 1316.788 GC heap before
{Heap before GC invocations=19 (full 0):
 garbage-first heap   total 55296K, used 42175K [0x00000000c9c00000, 0x0000000100000000)
  region size 1024K, 16 young (16384K), 2 survivors (2048K)
 Metaspace       used 66549K, committed 67264K, reserved 1114112K
  class space    used 9076K, committed 9408K, reserved 1048576K
}
Event: 1317.322 GC heap after
{Heap after GC invocations=20 (full 1):
 garbage-first heap   total 55296K, used 24252K [0x00000000c9c00000, 0x0000000100000000)
  region size 1024K, 0 young (0K), 0 survivors (0K)
 Metaspace       used 66525K, committed 67264K, reserved 1114112K
  class space    used 9069K, committed 9408K, reserved 1048576K
}

Dll operation events (10 events):
Event: 0.047 Loaded shared library C:\Program Files\Java\jdk-21\bin\java.dll
Event: 0.163 Loaded shared library C:\Program Files\Java\jdk-21\bin\jsvml.dll
Event: 0.435 Loaded shared library C:\Program Files\Java\jdk-21\bin\net.dll
Event: 0.442 Loaded shared library C:\Program Files\Java\jdk-21\bin\nio.dll
Event: 0.452 Loaded shared library C:\Program Files\Java\jdk-21\bin\zip.dll
Event: 0.889 Loaded shared library C:\Program Files\Java\jdk-21\bin\jimage.dll
Event: 2.656 Loaded shared library C:\Program Files\Java\jdk-21\bin\management.dll
Event: 2.695 Loaded shared library C:\Program Files\Java\jdk-21\bin\management_ext.dll
Event: 5.363 Loaded shared library C:\Program Files\Java\jdk-21\bin\sunmscapi.dll
Event: 13.685 Loaded shared library C:\Program Files\Java\jdk-21\bin\extnet.dll

Deoptimization events (20 events):
Event: 1319.358 Thread 0x0000028bd17d9da0 Uncommon trap: trap_request=0xffffffdc fr.pc=0x0000028b87b0858c relative=0x000000000000024c
Event: 1319.358 Thread 0x0000028bd17d9da0 Uncommon trap: reason=class_check action=make_not_entrant pc=0x0000028b87b0858c method=java.util.ArrayList.toArray([Ljava/lang/Object;)[Ljava/lang/Object; @ 21 c2
Event: 1319.358 Thread 0x0000028bd17d9da0 DEOPT PACKING pc=0x0000028b87b0858c sp=0x000000b5f94fda70
Event: 1319.358 Thread 0x0000028bd17d9da0 DEOPT UNPACKING pc=0x0000028b875846a2 sp=0x000000b5f94fda20 mode 2
Event: 1320.114 Thread 0x0000028bd17d9da0 Uncommon trap: trap_request=0xffffffbe fr.pc=0x0000028b87b9aaf8 relative=0x00000000000011b8
Event: 1320.114 Thread 0x0000028bd17d9da0 Uncommon trap: reason=profile_predicate action=maybe_recompile pc=0x0000028b87b9aaf8 method=org.springframework.core.annotation.MergedAnnotationsCollection.find(Ljava/lang/Object;Ljava/util/function/Predicate;Lorg/springframework/core/annotation/MergedAnn
Event: 1320.114 Thread 0x0000028bd17d9da0 DEOPT PACKING pc=0x0000028b87b9aaf8 sp=0x000000b5f94fe4d0
Event: 1320.114 Thread 0x0000028bd17d9da0 DEOPT UNPACKING pc=0x0000028b875846a2 sp=0x000000b5f94fe4a0 mode 2
Event: 1320.120 Thread 0x0000028bd17d9da0 Uncommon trap: trap_request=0xffffffbe fr.pc=0x0000028b87b9aaf8 relative=0x00000000000011b8
Event: 1320.120 Thread 0x0000028bd17d9da0 Uncommon trap: reason=profile_predicate action=maybe_recompile pc=0x0000028b87b9aaf8 method=org.springframework.core.annotation.MergedAnnotationsCollection.find(Ljava/lang/Object;Ljava/util/function/Predicate;Lorg/springframework/core/annotation/MergedAnn
Event: 1320.120 Thread 0x0000028bd17d9da0 DEOPT PACKING pc=0x0000028b87b9aaf8 sp=0x000000b5f94fe4d0
Event: 1320.120 Thread 0x0000028bd17d9da0 DEOPT UNPACKING pc=0x0000028b875846a2 sp=0x000000b5f94fe4a0 mode 2
Event: 1320.135 Thread 0x0000028bd17d9da0 Uncommon trap: trap_request=0xffffffbe fr.pc=0x0000028b87b9aaf8 relative=0x00000000000011b8
Event: 1320.135 Thread 0x0000028bd17d9da0 Uncommon trap: reason=profile_predicate action=maybe_recompile pc=0x0000028b87b9aaf8 method=org.springframework.core.annotation.MergedAnnotationsCollection.find(Ljava/lang/Object;Ljava/util/function/Predicate;Lorg/springframework/core/annotation/MergedAnn
Event: 1320.135 Thread 0x0000028bd17d9da0 DEOPT PACKING pc=0x0000028b87b9aaf8 sp=0x000000b5f94fdff0
Event: 1320.135 Thread 0x0000028bd17d9da0 DEOPT UNPACKING pc=0x0000028b875846a2 sp=0x000000b5f94fdfc0 mode 2
Event: 1320.137 Thread 0x0000028bd17d9da0 Uncommon trap: trap_request=0xffffffbe fr.pc=0x0000028b87b9aaf8 relative=0x00000000000011b8
Event: 1320.137 Thread 0x0000028bd17d9da0 Uncommon trap: reason=profile_predicate action=maybe_recompile pc=0x0000028b87b9aaf8 method=org.springframework.core.annotation.MergedAnnotationsCollection.find(Ljava/lang/Object;Ljava/util/function/Predicate;Lorg/springframework/core/annotation/MergedAnn
Event: 1320.137 Thread 0x0000028bd17d9da0 DEOPT PACKING pc=0x0000028b87b9aaf8 sp=0x000000b5f94fe530
Event: 1320.137 Thread 0x0000028bd17d9da0 DEOPT UNPACKING pc=0x0000028b875846a2 sp=0x000000b5f94fe500 mode 2

Classes loaded (20 events):
Event: 218.789 Loading class java/lang/Throwable$WrappedPrintWriter
Event: 218.789 Loading class java/lang/Throwable$PrintStreamOrWriter
Event: 218.790 Loading class java/lang/Throwable$PrintStreamOrWriter done
Event: 218.790 Loading class java/lang/Throwable$WrappedPrintWriter done
Event: 219.068 Loading class java/util/AbstractMap$SimpleEntry
Event: 219.069 Loading class java/util/AbstractMap$SimpleEntry done
Event: 219.094 Loading class java/util/OptionalLong
Event: 219.095 Loading class java/util/OptionalLong done
Event: 219.095 Loading class java/util/OptionalDouble
Event: 219.096 Loading class java/util/OptionalDouble done
Event: 1315.643 Loading class java/util/concurrent/locks/AbstractQueuedSynchronizer$SharedNode
Event: 1315.732 Loading class java/util/concurrent/locks/AbstractQueuedSynchronizer$SharedNode done
Event: 1316.721 Loading class java/util/WeakHashMap$KeyIterator
Event: 1316.729 Loading class java/util/WeakHashMap$HashIterator
Event: 1316.749 Loading class java/util/WeakHashMap$HashIterator done
Event: 1316.749 Loading class java/util/WeakHashMap$KeyIterator done
Event: 1317.325 Loading class java/lang/ref/Finalizer$2
Event: 1317.327 Loading class java/lang/ref/Finalizer$2 done
Event: 1317.328 Loading class java/lang/ref/Finalizer$1
Event: 1317.333 Loading class java/lang/ref/Finalizer$1 done

Classes unloaded (20 events):
Event: 842.904 Thread 0x0000028bfa44aea0 Unloading class 0x0000028b9002bc00 'java/lang/invoke/LambdaForm$MH+0x0000028b9002bc00'
Event: 842.904 Thread 0x0000028bfa44aea0 Unloading class 0x0000028b9002b000 'java/lang/invoke/LambdaForm$MH+0x0000028b9002b000'
Event: 842.904 Thread 0x0000028bfa44aea0 Unloading class 0x0000028b9002ac00 'java/lang/invoke/LambdaForm$MH+0x0000028b9002ac00'
Event: 842.904 Thread 0x0000028bfa44aea0 Unloading class 0x0000028b9002a000 'java/lang/invoke/LambdaForm$MH+0x0000028b9002a000'
Event: 842.904 Thread 0x0000028bfa44aea0 Unloading class 0x0000028b90028400 'java/lang/invoke/LambdaForm$MH+0x0000028b90028400'
Event: 842.904 Thread 0x0000028bfa44aea0 Unloading class 0x0000028b90018c00 'java/lang/invoke/LambdaForm$MH+0x0000028b90018c00'
Event: 1316.888 Thread 0x0000028bfa44aea0 Unloading class 0x0000028b9018c000 'java/lang/invoke/LambdaForm$MH+0x0000028b9018c000'
Event: 1316.888 Thread 0x0000028bfa44aea0 Unloading class 0x0000028b9018b400 'java/lang/invoke/LambdaForm$MH+0x0000028b9018b400'
Event: 1316.888 Thread 0x0000028bfa44aea0 Unloading class 0x0000028b9018a400 'java/lang/invoke/LambdaForm$MH+0x0000028b9018a400'
Event: 1316.888 Thread 0x0000028bfa44aea0 Unloading class 0x0000028b9018a000 'java/lang/invoke/LambdaForm$MH+0x0000028b9018a000'
Event: 1316.888 Thread 0x0000028bfa44aea0 Unloading class 0x0000028b90189400 'java/lang/invoke/LambdaForm$MH+0x0000028b90189400'
Event: 1316.889 Thread 0x0000028bfa44aea0 Unloading class 0x0000028b90188400 'java/lang/invoke/LambdaForm$MH+0x0000028b90188400'
Event: 1316.889 Thread 0x0000028bfa44aea0 Unloading class 0x0000028b90160400 'java/lang/invoke/LambdaForm$MH+0x0000028b90160400'
Event: 1316.890 Thread 0x0000028bfa44aea0 Unloading class 0x0000028b90123800 'java/lang/invoke/LambdaForm$DMH+0x0000028b90123800'
Event: 1316.890 Thread 0x0000028bfa44aea0 Unloading class 0x0000028b90123000 'java/lang/invoke/LambdaForm$DMH+0x0000028b90123000'
Event: 1316.890 Thread 0x0000028bfa44aea0 Unloading class 0x0000028b90122800 'java/lang/invoke/LambdaForm$DMH+0x0000028b90122800'
Event: 1316.890 Thread 0x0000028bfa44aea0 Unloading class 0x0000028b9011a000 'java/lang/invoke/LambdaForm$DMH+0x0000028b9011a000'
Event: 1316.890 Thread 0x0000028bfa44aea0 Unloading class 0x0000028b900d0000 'java/lang/invoke/LambdaForm$DMH+0x0000028b900d0000'
Event: 1316.890 Thread 0x0000028bfa44aea0 Unloading class 0x0000028b900a8000 'java/lang/invoke/LambdaForm$MH+0x0000028b900a8000'
Event: 1316.891 Thread 0x0000028bfa44aea0 Unloading class 0x0000028b9002b400 'java/lang/invoke/LambdaForm$MH+0x0000028b9002b400'

Classes redefined (0 events):
No events

Internal exceptions (20 events):
Event: 19.108 Thread 0x0000028bff7e9250 Exception <a 'java/lang/NoSuchMethodError'{0x00000000ccbf4708}: 'java.lang.Object java.lang.invoke.DirectMethodHandle$Holder.newInvokeSpecial(java.lang.Object, java.lang.Object, java.lang.Object, java.lang.Object, java.lang.Object, java.lang.Object, java.lang.Object, java.lang.Object, java.lang.Object, java.lang.Object, java.lang.Object)'> (0x00000000ccbf4708) 
thrown [s\open\src\hotspot\share\interpreter\linkResolver.cpp, line 773]
Event: 19.591 Thread 0x0000028bff7e9250 Exception <a 'java/lang/NoSuchMethodError'{0x00000000cc62a7e8}: 'java.lang.Object java.lang.invoke.DirectMethodHandle$Holder.invokeVirtual(java.lang.Object, java.lang.Object, java.lang.Object, int)'> (0x00000000cc62a7e8) 
thrown [s\open\src\hotspot\share\interpreter\linkResolver.cpp, line 773]
Event: 19.693 Thread 0x0000028bff7e9250 Exception <a 'java/lang/NoSuchMethodError'{0x00000000cc5dda98}: 'java.lang.Object java.lang.invoke.DirectMethodHandle$Holder.invokeVirtual(java.lang.Object, java.lang.Object, int)'> (0x00000000cc5dda98) 
thrown [s\open\src\hotspot\share\interpreter\linkResolver.cpp, line 773]
Event: 19.892 Thread 0x0000028bff7e9250 Exception <a 'java/lang/IncompatibleClassChangeError'{0x00000000cbe0e950}: Found class java.lang.Object, but interface was expected> (0x00000000cbe0e950) 
thrown [s\open\src\hotspot\share\interpreter\linkResolver.cpp, line 840]
Event: 20.257 Thread 0x0000028bff7e9250 Exception <a 'java/lang/IncompatibleClassChangeError'{0x00000000cd3c8ce8}: Found class java.lang.Object, but interface was expected> (0x00000000cd3c8ce8) 
thrown [s\open\src\hotspot\share\interpreter\linkResolver.cpp, line 840]
Event: 20.274 Thread 0x0000028bff7e9250 Implicit null exception at 0x0000028b87c1f7c2 to 0x0000028b87c1f838
Event: 20.474 Thread 0x0000028bff7e9250 Exception <a 'java/lang/NoSuchMethodError'{0x00000000cce9c938}: 'java.lang.Object java.lang.invoke.DirectMethodHandle$Holder.newInvokeSpecial(java.lang.Object, java.lang.Object, int, java.lang.Object, java.lang.Object)'> (0x00000000cce9c938) 
thrown [s\open\src\hotspot\share\interpreter\linkResolver.cpp, line 773]
Event: 216.102 Thread 0x0000028bd17db150 Exception <a 'java/lang/NoSuchMethodError'{0x00000000cc5239c8}: 'java.lang.Object java.lang.invoke.DirectMethodHandle$Holder.invokeStatic(java.lang.Object, java.lang.Object, java.lang.Object, int, int)'> (0x00000000cc5239c8) 
thrown [s\open\src\hotspot\share\interpreter\linkResolver.cpp, line 773]
Event: 216.134 Thread 0x0000028bd17db150 Exception <a 'java/lang/NoSuchMethodError'{0x00000000cc527130}: 'java.lang.Object java.lang.invoke.DirectMethodHandle$Holder.invokeStaticInit(java.lang.Object, java.lang.Object, java.lang.Object, int, int)'> (0x00000000cc527130) 
thrown [s\open\src\hotspot\share\interpreter\linkResolver.cpp, line 773]
Event: 216.831 Thread 0x0000028bd1674d00 Exception <a 'java/lang/NoSuchMethodError'{0x00000000cc44e5f8}: 'java.lang.Object java.lang.invoke.DirectMethodHandle$Holder.invokeSpecial(java.lang.Object, java.lang.Object, java.lang.Object, java.lang.Object, java.lang.Object, long)'> (0x00000000cc44e5f8) 
thrown [s\open\src\hotspot\share\interpreter\linkResolver.cpp, line 773]
Event: 216.832 Thread 0x0000028bd1674d00 Exception <a 'java/lang/NoSuchMethodError'{0x00000000cc451fe0}: 'java.lang.Object java.lang.invoke.Invokers$Holder.linkToTargetMethod(java.lang.Object, java.lang.Object, java.lang.Object, long, java.lang.Object)'> (0x00000000cc451fe0) 
thrown [s\open\src\hotspot\share\interpreter\linkResolver.cpp, line 773]
Event: 217.736 Thread 0x0000028bd1674d00 Exception <a 'java/lang/NoSuchMethodError'{0x00000000cc20da78}: 'java.lang.Object java.lang.invoke.DirectMethodHandle$Holder.invokeStatic(java.lang.Object, int, int)'> (0x00000000cc20da78) 
thrown [s\open\src\hotspot\share\interpreter\linkResolver.cpp, line 773]
Event: 1314.935 Thread 0x0000028bd17d9080 Exception <a 'java/lang/NoSuchMethodError'{0x00000000cc598508}: 'java.lang.Object java.lang.invoke.DirectMethodHandle$Holder.newInvokeSpecial(java.lang.Object, java.lang.Object, java.lang.Object, java.lang.Object, int)'> (0x00000000cc598508) 
thrown [s\open\src\hotspot\share\interpreter\linkResolver.cpp, line 773]
Event: 1314.959 Thread 0x0000028bd17d9080 Exception <a 'java/lang/NoSuchMethodError'{0x00000000cc59c1d0}: 'java.lang.Object java.lang.invoke.DirectMethodHandle$Holder.invokeSpecial(java.lang.Object, java.lang.Object, java.lang.Object, java.lang.Object, java.lang.Object, int)'> (0x00000000cc59c1d0) 
thrown [s\open\src\hotspot\share\interpreter\linkResolver.cpp, line 773]
Event: 1314.962 Thread 0x0000028bd17d9080 Exception <a 'java/lang/NoSuchMethodError'{0x00000000cc59f998}: 'java.lang.Object java.lang.invoke.Invokers$Holder.linkToTargetMethod(java.lang.Object, java.lang.Object, java.lang.Object, int, java.lang.Object)'> (0x00000000cc59f998) 
thrown [s\open\src\hotspot\share\interpreter\linkResolver.cpp, line 773]
Event: 1316.782 Thread 0x0000028bff6621e0 Exception <a 'java/lang/InterruptedException'{0x00000000cc4a5fe0}: sleep interrupted> (0x00000000cc4a5fe0) 
thrown [s\open\src\hotspot\share\prims\jvm.cpp, line 3074]
Event: 1317.372 Thread 0x0000028bd17d9da0 Implicit null exception at 0x0000028b87c6dc11 to 0x0000028b87c6dcf4
Event: 1317.468 Thread 0x0000028bd17d9da0 Implicit null exception at 0x0000028b87d911f8 to 0x0000028b87d93614
Event: 1317.479 Thread 0x0000028bd17d9da0 Exception <a 'sun/nio/fs/WindowsException'{0x00000000cd3973d8}> (0x00000000cd3973d8) 
thrown [s\open\src\hotspot\share\prims\jni.cpp, line 520]
Event: 1317.500 Thread 0x0000028bd17d9da0 Implicit null exception at 0x0000028b87c6e0c0 to 0x0000028b87c6e3ec

ZGC Phase Switch (0 events):
No events

VM Operations (20 events):
Event: 877.105 Executing VM operation: Cleanup
Event: 877.113 Executing VM operation: Cleanup done
Event: 1227.608 Executing VM operation: Cleanup
Event: 1229.101 Executing VM operation: Cleanup done
Event: 1286.557 Executing VM operation: Cleanup
Event: 1286.562 Executing VM operation: Cleanup done
Event: 1311.760 Executing VM operation: Cleanup
Event: 1311.876 Executing VM operation: Cleanup done
Event: 1313.905 Executing VM operation: Cleanup
Event: 1313.924 Executing VM operation: Cleanup done
Event: 1315.926 Executing VM operation: Cleanup
Event: 1315.942 Executing VM operation: Cleanup done
Event: 1316.786 Executing VM operation: G1CollectFull (System.gc())
Event: 1317.322 Executing VM operation: G1CollectFull (System.gc()) done
Event: 1318.325 Executing VM operation: Cleanup
Event: 1318.344 Executing VM operation: Cleanup done
Event: 1319.346 Executing VM operation: Cleanup
Event: 1319.347 Executing VM operation: Cleanup done
Event: 1320.354 Executing VM operation: Cleanup
Event: 1320.354 Executing VM operation: Cleanup done

Events (20 events):
Event: 1317.248 Thread 0x0000028bfa44aea0 flushing nmethod 0x0000028b807f0890
Event: 1317.248 Thread 0x0000028bfa44aea0 flushing nmethod 0x0000028b807f2a90
Event: 1317.248 Thread 0x0000028bfa44aea0 flushing nmethod 0x0000028b8083b390
Event: 1317.248 Thread 0x0000028bfa44aea0 flushing nmethod 0x0000028b8084b990
Event: 1317.248 Thread 0x0000028bfa44aea0 flushing nmethod 0x0000028b8084c190
Event: 1317.248 Thread 0x0000028bfa44aea0 flushing nmethod 0x0000028b8085b790
Event: 1317.248 Thread 0x0000028bfa44aea0 flushing nmethod 0x0000028b80864c90
Event: 1317.248 Thread 0x0000028bfa44aea0 flushing nmethod 0x0000028b80876210
Event: 1317.248 Thread 0x0000028bfa44aea0 flushing nmethod 0x0000028b8087ce10
Event: 1317.248 Thread 0x0000028bfa44aea0 flushing nmethod 0x0000028b808a0910
Event: 1317.248 Thread 0x0000028bfa44aea0 flushing nmethod 0x0000028b80942c10
Event: 1317.248 Thread 0x0000028bfa44aea0 flushing nmethod 0x0000028b80944f10
Event: 1317.248 Thread 0x0000028bfa44aea0 flushing nmethod 0x0000028b80946390
Event: 1317.248 Thread 0x0000028bfa44aea0 flushing nmethod 0x0000028b8094cb10
Event: 1317.248 Thread 0x0000028bfa44aea0 flushing nmethod 0x0000028b80950c90
Event: 1317.333 Thread 0x0000028bd17ddf40 Thread added: 0x0000028bd17ddf40
Event: 1317.336 Thread 0x0000028bd17ddf40 Thread exited: 0x0000028bd17ddf40
Event: 1317.336 Thread 0x0000028bd17d9da0 Thread added: 0x0000028bd17d9da0
Event: 1318.946 Thread 0x0000028bd17db150 Thread added: 0x0000028bd17db150
Event: 1319.029 Thread 0x0000028bd17db150 Thread exited: 0x0000028bd17db150


Dynamic libraries:
0x00007ff691530000 - 0x00007ff691540000 	C:\Program Files\Java\jdk-21\bin\javaw.exe
0x00007fffcfc50000 - 0x00007fffcfe46000 	C:\Windows\SYSTEM32\ntdll.dll
0x00007fffcefb0000 - 0x00007fffcf06d000 	C:\Windows\System32\KERNEL32.DLL
0x00007fffcd990000 - 0x00007fffcdc59000 	C:\Windows\System32\KERNELBASE.dll
0x00007fffcd390000 - 0x00007fffcd490000 	C:\Windows\System32\ucrtbase.dll
0x00007fffc2e60000 - 0x00007fffc2e79000 	C:\Program Files\Java\jdk-21\bin\jli.dll
0x00007fffcf070000 - 0x00007fffcf11c000 	C:\Windows\System32\ADVAPI32.dll
0x00007fffcf260000 - 0x00007fffcf2fe000 	C:\Windows\System32\msvcrt.dll
0x00007fffce510000 - 0x00007fffce5ac000 	C:\Windows\System32\sechost.dll
0x00007fffcf130000 - 0x00007fffcf25b000 	C:\Windows\System32\RPCRT4.dll
0x00007fffcf390000 - 0x00007fffcf530000 	C:\Windows\System32\USER32.dll
0x00007fffcd960000 - 0x00007fffcd982000 	C:\Windows\System32\win32u.dll
0x00007fffcf300000 - 0x00007fffcf32a000 	C:\Windows\System32\GDI32.dll
0x00007fffcd7d0000 - 0x00007fffcd8db000 	C:\Windows\System32\gdi32full.dll
0x00007fffcd5a0000 - 0x00007fffcd63d000 	C:\Windows\System32\msvcp_win.dll
0x00007fffba170000 - 0x00007fffba40b000 	C:\Windows\WinSxS\amd64_microsoft.windows.common-controls_6595b64144ccf1df_6.0.19041.746_none_ca02b4b61b8320a4\COMCTL32.dll
0x00007fffc4f00000 - 0x00007fffc4f0a000 	C:\Windows\SYSTEM32\VERSION.dll
0x00007fffbce20000 - 0x00007fffbce3b000 	C:\Program Files\Java\jdk-21\bin\VCRUNTIME140.dll
0x00007fffcf6f0000 - 0x00007fffcf720000 	C:\Windows\System32\IMM32.DLL
0x00007fffbce10000 - 0x00007fffbce1c000 	C:\Program Files\Java\jdk-21\bin\vcruntime140_1.dll
0x00007fff9a6c0000 - 0x00007fff9a74e000 	C:\Program Files\Java\jdk-21\bin\msvcp140.dll
0x00007fff81f60000 - 0x00007fff82c7d000 	C:\Program Files\Java\jdk-21\bin\server\jvm.dll
0x00007fffcfac0000 - 0x00007fffcfb2b000 	C:\Windows\System32\WS2_32.dll
0x00007fffcd1f0000 - 0x00007fffcd23b000 	C:\Windows\SYSTEM32\POWRPROF.dll
0x00007fffc4ed0000 - 0x00007fffc4ef7000 	C:\Windows\SYSTEM32\WINMM.dll
0x00007fffcd1d0000 - 0x00007fffcd1e2000 	C:\Windows\SYSTEM32\UMPDC.dll
0x00007fffcb2f0000 - 0x00007fffcb302000 	C:\Windows\SYSTEM32\kernel.appcore.dll
0x00007fffc9fa0000 - 0x00007fffc9faa000 	C:\Program Files\Java\jdk-21\bin\jimage.dll
0x00007fffc4250000 - 0x00007fffc4434000 	C:\Windows\SYSTEM32\DBGHELP.DLL
0x00007fffb6680000 - 0x00007fffb66ac000 	C:\Windows\SYSTEM32\dbgcore.DLL
0x00007fffcd8e0000 - 0x00007fffcd960000 	C:\Windows\System32\bcryptPrimitives.dll
0x00007fffc9f60000 - 0x00007fffc9f7f000 	C:\Program Files\Java\jdk-21\bin\java.dll
0x00007fffcdcb0000 - 0x00007fffce3f3000 	C:\Windows\System32\SHELL32.dll
0x00007fffcb4f0000 - 0x00007fffcbc7f000 	C:\Windows\SYSTEM32\windows.storage.dll
0x00007fffce7e0000 - 0x00007fffceb36000 	C:\Windows\System32\combase.dll
0x00007fffccd20000 - 0x00007fffccd4c000 	C:\Windows\SYSTEM32\Wldp.dll
0x00007fffce460000 - 0x00007fffce50e000 	C:\Windows\System32\SHCORE.dll
0x00007fffcf600000 - 0x00007fffcf655000 	C:\Windows\System32\shlwapi.dll
0x00007fffcd2c0000 - 0x00007fffcd2e6000 	C:\Windows\SYSTEM32\profapi.dll
0x00007fffa90e0000 - 0x00007fffa91b7000 	C:\Program Files\Java\jdk-21\bin\jsvml.dll
0x00007fffc3aa0000 - 0x00007fffc3ab0000 	C:\Program Files\Java\jdk-21\bin\net.dll
0x00007fffc40e0000 - 0x00007fffc41e0000 	C:\Windows\SYSTEM32\WINHTTP.dll
0x00007fffccaa0000 - 0x00007fffccb0a000 	C:\Windows\system32\mswsock.dll
0x00007fffbfb30000 - 0x00007fffbfb46000 	C:\Program Files\Java\jdk-21\bin\nio.dll
0x00007fffbc630000 - 0x00007fffbc648000 	C:\Program Files\Java\jdk-21\bin\zip.dll
0x00007fffbce00000 - 0x00007fffbce0a000 	C:\Program Files\Java\jdk-21\bin\management.dll
0x00007fffbc4b0000 - 0x00007fffbc4bb000 	C:\Program Files\Java\jdk-21\bin\management_ext.dll
0x00007fffce7c0000 - 0x00007fffce7c8000 	C:\Windows\System32\PSAPI.DLL
0x00007fffc3a60000 - 0x00007fffc3a6e000 	C:\Program Files\Java\jdk-21\bin\sunmscapi.dll
0x00007fffcd640000 - 0x00007fffcd796000 	C:\Windows\System32\CRYPT32.dll
0x00007fffccdf0000 - 0x00007fffcce17000 	C:\Windows\SYSTEM32\ncrypt.dll
0x00007fffccdb0000 - 0x00007fffccdeb000 	C:\Windows\SYSTEM32\NTASN1.dll
0x00007fffccc80000 - 0x00007fffccc98000 	C:\Windows\SYSTEM32\CRYPTSP.dll
0x00007fffcc440000 - 0x00007fffcc474000 	C:\Windows\system32\rsaenh.dll
0x00007fffcd7a0000 - 0x00007fffcd7c7000 	C:\Windows\System32\bcrypt.dll
0x00007fffcd280000 - 0x00007fffcd2ae000 	C:\Windows\SYSTEM32\USERENV.dll
0x00007fffccc70000 - 0x00007fffccc7c000 	C:\Windows\SYSTEM32\CRYPTBASE.dll
0x00007fffcc790000 - 0x00007fffcc7cb000 	C:\Windows\SYSTEM32\IPHLPAPI.DLL
0x00007fffcf120000 - 0x00007fffcf128000 	C:\Windows\System32\NSI.dll
0x00007fffcc7d0000 - 0x00007fffcc89b000 	C:\Windows\SYSTEM32\DNSAPI.dll
0x00007fffbb2f0000 - 0x00007fffbb2fa000 	C:\Windows\System32\rasadhlp.dll
0x00007fffbdb90000 - 0x00007fffbdc0f000 	C:\Windows\System32\fwpuclnt.dll
0x00007fffc2ff0000 - 0x00007fffc2ff9000 	C:\Program Files\Java\jdk-21\bin\extnet.dll
0x00007fffc3af0000 - 0x00007fffc3af7000 	C:\Windows\system32\wshunix.dll

dbghelp: loaded successfully - version: 4.0.5 - missing functions: none
symbol engine: initialized successfully - sym options: 0x614 - pdb path: .;C:\Program Files\Java\jdk-21\bin;C:\Windows\SYSTEM32;C:\Windows\WinSxS\amd64_microsoft.windows.common-controls_6595b64144ccf1df_6.0.19041.746_none_ca02b4b61b8320a4;C:\Program Files\Java\jdk-21\bin\server

VM Arguments:
jvm_args: -Dfile.encoding=UTF-8 -XX:+ShowCodeDetailsInExceptionMessages 
java_command: com.alpha.projectSpring.ProjectSpringApplication
java_class_path (initial): C:\Users\Reliance Digital\Downloads\projectSpring\projectSpring\target\classes;C:\Users\Reliance Digital\.m2\repository\org\springframework\boot\spring-boot-starter-data-jpa\4.0.2\spring-boot-starter-data-jpa-4.0.2.jar;C:\Users\Reliance Digital\.m2\repository\org\springframework\boot\spring-boot-starter\4.0.2\spring-boot-starter-4.0.2.jar;C:\Users\Reliance Digital\.m2\repository\org\springframework\boot\spring-boot-starter-logging\4.0.2\spring-boot-starter-logging-4.0.2.jar;C:\Users\Reliance Digital\.m2\repository\ch\qos\logback\logback-classic\1.5.25\logback-classic-1.5.25.jar;C:\Users\Reliance Digital\.m2\repository\ch\qos\logback\logback-core\1.5.25\logback-core-1.5.25.jar;C:\Users\Reliance Digital\.m2\repository\org\apache\logging\log4j\log4j-to-slf4j\2.25.3\log4j-to-slf4j-2.25.3.jar;C:\Users\Reliance Digital\.m2\repository\org\apache\logging\log4j\log4j-api\2.25.3\log4j-api-2.25.3.jar;C:\Users\Reliance Digital\.m2\repository\org\slf4j\jul-to-slf4j\2.0.17\jul-to-slf4j-2.0.17.jar;C:\Users\Reliance Digital\.m2\repository\jakarta\annotation\jakarta.annotation-api\3.0.0\jakarta.annotation-api-3.0.0.jar;C:\Users\Reliance Digital\.m2\repository\org\yaml\snakeyaml\2.5\snakeyaml-2.5.jar;C:\Users\Reliance Digital\.m2\repository\org\springframework\boot\spring-boot-starter-jdbc\4.0.2\spring-boot-starter-jdbc-4.0.2.jar;C:\Users\Reliance Digital\.m2\repository\com\zaxxer\HikariCP\7.0.2\HikariCP-7.0.2.jar;C:\Users\Reliance Digital\.m2\repository\org\slf4j\slf4j-api\2.0.17\slf4j-api-2.0.17.jar;C:\Users\Reliance Digital\.m2\repository\org\springframework\boot\spring-boot-data-jpa\4.0.2\spring-boot-data-jpa-4.0.2.jar;C:\Users\Reliance Digital\.m2\repository\org\springframework\boot\spring-boot-data-commons\4.0.2\spring-boot-data-commons-4.0.2.jar;C:\Users\Reliance Digital\.m2\repository\org\springframework\boot\spring-boot-persistence\4.0.2\spring-boot-persistence-4.0.2.jar;C:\Users\Reliance Digital\.m2\repository\org\springframework\data\spring-data-commons\4.0.2\spring-data-commons-4.0.2.jar;C:\Users\Reliance Digital\.m2\repository\org\springframework\boot\spring-boot-hibernate\4.0.2\spring-boot-hibernate-4.0.2.jar;C:\Users\Reliance Digital\.m2\repository\org\springframework\boot\spring-boot-jpa\4.0.2\spring-boot-jpa-4.0.2.jar;C:\Users\Reliance Digital\.m2\repository\jakarta\persistence\jakarta.persistence-api\3.2.0\jakarta.persistence-api-3.2.0.jar;C:\Users\Reliance Digital\.m2\repository\org\hibernate\orm\hibernate-core\7.2.1.Final\hibernate-core-7.2.1.Final.jar;C:\Users\Reliance Digital\.m2\repository\jakarta\transaction\jakarta.transaction-api\2.0.1\jakarta.transaction-api-2.0.1.jar;C:\Users\Reliance Digital\.m2\repository\org\jboss\logging\jboss-logging\3.6.1.Final\jboss-logging-3.6.1.Final.jar;C:\Users\Reliance Digital\.m2\repository\org\hibernate\models\hibernate-models\1.0.1\hibernate-models-1.0.1.jar;C:\Users\Reliance Digital\.m2\repository\com\fasterxml\classmate\1.7.3\classmate-1.7.3.jar;C:\Users\Reliance Digital\.m2\repository\org\glassfish\jaxb\jaxb-runtime\4.0.6\jaxb-runtime-4.0.6.jar;C:\Users\Reliance Digital\.m2\repository\org\glassfish\jaxb\jaxb-core\4.0.6\jaxb-core-4.0.6.jar;C:\Users\Reliance Digital\.m2\repository\org\eclipse\angus\angus-activation\2.0.3\angus-activation-2.0.3.jar;C:\Users\Reliance Digital\.m2\repository\org\glassfish\jaxb\txw2\4.0.6\txw2-4.0.6.jar;C:\Users\Reliance Digital\.m2\repository\com\sun\istack\istack-commons-runtime\4.1.2\istack-commons-runtime-4.1.2.jar;C:\Users\Reliance Digital\.m2\repository\jakarta\inject\jakarta.inject-api\2.0.1\jakarta.inject-api-2.0.1.jar;C:\Users\Reliance Digital\.m2\repository\org\springframework\spring-orm\7.0.3\spring-orm-7.0.3.jar;C:\Users\Reliance Digital\.m2\repository\org\springframework\data\spring-data-jpa\4.0.2\spring-data-jpa-4.0.2.jar;C:\Users\Reliance Digital\.m2\repository\org\springframework\spring-aop\7.0.3\spring-aop-7.0.3.jar;C:\Users\Reliance Digital\.m2\repository\org\springframework\spring-tx\7.0.3\spring-tx-7.0.3.jar;C:\Users\Reliance Digital\.m2\repository\org\springframework\spring-beans\7.0.3\spring-beans-7.0.3.jar;C:\Users\Reliance Digital\.m2\repository\org\antlr\antlr4-runtime\4.13.2\antlr4-runtime-4.13.2.jar;C:\Users\Reliance Digital\.m2\repository\org\springframework\spring-aspects\7.0.3\spring-aspects-7.0.3.jar;C:\Users\Reliance Digital\.m2\repository\org\aspectj\aspectjweaver\1.9.25.1\aspectjweaver-1.9.25.1.jar;C:\Users\Reliance Digital\.m2\repository\org\springframework\boot\spring-boot-jdbc\4.0.2\spring-boot-jdbc-4.0.2.jar;C:\Users\Reliance Digital\.m2\repository\org\springframework\boot\spring-boot-sql\4.0.2\spring-boot-sql-4.0.2.jar;C:\Users\Reliance Digital\.m2\repository\org\springframework\boot\spring-boot-transaction\4.0.2\spring-boot-transaction-4.0.2.jar;C:\Users\Reliance Digital\.m2\repository\org\springframework\spring-jdbc\7.0.3\spring-jdbc-7.0.3.jar;C:\Users\Reliance Digital\.m2\repository\org\springframework\boot\spring-boot-starter-webmvc\4.0.2\spring-boot-starter-webmvc-4.0.2.jar;C:\Users\Reliance Digital\.m2\repository\org\springframework\boot\spring-boot-starter-jackson\4.0.2\spring-boot-starter-jackson-4.0.2.jar;C:\Users\Reliance Digital\.m2\repository\org\springframework\boot\spring-boot-jackson\4.0.2\spring-boot-jackson-4.0.2.jar;C:\Users\Reliance Digital\.m2\repository\tools\jackson\core\jackson-databind\3.0.4\jackson-databind-3.0.4.jar;C:\Users\Reliance Digital\.m2\repository\com\fasterxml\jackson\core\jackson-annotations\2.20\jackson-annotations-2.20.jar;C:\Users\Reliance Digital\.m2\repository\tools\jackson\core\jackson-core\3.0.4\jackson-core-3.0.4.jar;C:\Users\Reliance Digital\.m2\repository\org\springframework\boot\spring-boot-starter-tomcat\4.0.2\spring-boot-starter-tomcat-4.0.2.jar;C:\Users\Reliance Digital\.m2\repository\org\springframework\boot\spring-boot-starter-tomcat-runtime\4.0.2\spring-boot-starter-tomcat-runtime-4.0.2.jar;C:\Users\Reliance Digital\.m2\repository\org\apache\tomcat\embed\tomcat-embed-core\11.0.15\tomcat-embed-core-11.0.15.jar;C:\Users\Reliance Digital\.m2\repository\org\apache\tomcat\embed\tomcat-embed-el\11.0.15\tomcat-embed-el-11.0.15.jar;C:\Users\Reliance Digital\.m2\repository\org\apache\tomcat\embed\tomcat-embed-websocket\11.0.15\tomcat-embed-websocket-11.0.15.jar;C:\Users\Reliance Digital\.m2\repository\org\springframework\boot\spring-boot-tomcat\4.0.2\spring-boot-tomcat-4.0.2.jar;C:\Users\Reliance Digital\.m2\repository\org\springframework\boot\spring-boot-http-converter\4.0.2\spring-boot-http-converter-4.0.2.jar;C:\Users\Reliance Digital\.m2\repository\org\springframework\spring-web\7.0.3\spring-web-7.0.3.jar;C:\Users\Reliance Digital\.m2\repository\io\micrometer\micrometer-observation\1.16.2\micrometer-observation-1.16.2.jar;C:\Users\Reliance Digital\.m2\repository\io\micrometer\micrometer-commons\1.16.2\micrometer-commons-1.16.2.jar;C:\Users\Reliance Digital\.m2\repository\org\springframework\boot\spring-boot-webmvc\4.0.2\spring-boot-webmvc-4.0.2.jar;C:\Users\Reliance Digital\.m2\repository\org\springframework\boot\spring-boot-servlet\4.0.2\spring-boot-servlet-4.0.2.jar;C:\Users\Reliance Digital\.m2\repository\org\springframework\spring-webmvc\7.0.3\spring-webmvc-7.0.3.jar;C:\Users\Reliance Digital\.m2\repository\org\springframework\spring-expression\7.0.3\spring-expression-7.0.3.jar;C:\Users\Reliance Digital\.m2\repository\org\springframework\boot\spring-boot-devtools\4.0.2\spring-boot-devtools-4.0.2.jar;C:\Users\Reliance Digital\.m2\repository\org\springframework\boot\spring-boot\4.0.2\spring-boot-4.0.2.jar;C:\Users\Reliance Digital\.m2\repository\org\springframework\spring-core\7.0.3\spring-core-7.0.3.jar;C:\Users\Reliance Digital\.m2\repository\commons-logging\commons-logging\1.3.5\commons-logging-1.3.5.jar;C:\Users\Reliance Digital\.m2\repository\org\jspecify\jspecify\1.0.0\jspecify-1.0.0.jar;C:\Users\Reliance Digital\.m2\repository\org\springframework\spring-context\7.0.3\spring-context-7.0.3.jar;C:\Users\Reliance Digital\.m2\repository\org\springframework\boot\spring-boot-autoconfigure\4.0.2\spring-boot-autoconfigure-4.0.2.jar;C:\Users\Reliance Digital\.m2\repository\org\postgresql\postgresql\42.7.9\postgresql-42.7.9.jar;C:\Users\Reliance Digital\.m2\repository\org\checkerframework\checker-qual\3.52.0\checker-qual-3.52.0.jar;C:\Users\Reliance Digital\.m2\repository\jakarta\xml\bind\jakarta.xml.bind-api\4.0.4\jakarta.xml.bind-api-4.0.4.jar;C:\Users\Reliance Digital\.m2\repository\jakarta\activation\jakarta.activation-api\2.1.4\jakarta.activation-api-2.1.4.jar;C:\Users\Reliance Digital\.m2\repository\net\bytebuddy\byte-buddy\1.17.8\byte-buddy-1.17.8.jar;C:\Users\Reliance Digital\.m2\repository\org\springframework\boot\spring-boot-web-server\4.0.2\spring-boot-web-server-4.0.2.jar
Launcher Type: SUN_STANDARD

[Global flags]
     intx CICompilerCount                          = 3                                         {product} {ergonomic}
     uint ConcGCThreads                            = 1                                         {product} {ergonomic}
     uint G1ConcRefinementThreads                  = 4                                         {product} {ergonomic}
   size_t G1HeapRegionSize                         = 1048576                                   {product} {ergonomic}
    uintx GCDrainStackTargetSize                   = 64                                        {product} {ergonomic}
   size_t InitialHeapSize                          = 58720256                                  {product} {ergonomic}
   size_t MarkStackSize                            = 4194304                                   {product} {ergonomic}
   size_t MaxHeapSize                              = 910163968                                 {product} {ergonomic}
   size_t MaxNewSize                               = 545259520                                 {product} {ergonomic}
   size_t MinHeapDeltaBytes                        = 1048576                                   {product} {ergonomic}
   size_t MinHeapSize                              = 8388608                                   {product} {ergonomic}
    uintx NonNMethodCodeHeapSize                   = 5832780                                {pd product} {ergonomic}
    uintx NonProfiledCodeHeapSize                  = 122912730                              {pd product} {ergonomic}
    uintx ProfiledCodeHeapSize                     = 122912730                              {pd product} {ergonomic}
    uintx ReservedCodeCacheSize                    = 251658240                              {pd product} {ergonomic}
     bool SegmentedCodeCache                       = true                                      {product} {ergonomic}
     bool ShowCodeDetailsInExceptionMessages       = true                                   {manageable} {command line}
   size_t SoftMaxHeapSize                          = 910163968                              {manageable} {ergonomic}
     bool UseCompressedOops                        = true                           {product lp64_product} {ergonomic}
     bool UseG1GC                                  = true                                      {product} {ergonomic}
     bool UseLargePagesIndividualAllocation        = false                                  {pd product} {ergonomic}

Logging:
Log output configuration:
 #0: stdout all=warning uptime,level,tags foldmultilines=false
 #1: stderr all=off uptime,level,tags foldmultilines=false

Environment Variables:
PATH=C:/Program Files/Java/jdk-21/bin/server;C:/Program Files/Java/jdk-21/bin;D:\oracle\product\10.2.0\db_1\bin;C:\Program Files\Common Files\Oracle\Java\javapath;C:\Windows\system32;C:\Windows;C:\Windows\System32\Wbem;C:\Windows\System32\WindowsPowerShell\v1.0\;C:\Windows\System32\OpenSSH\;C:\Program Files\dotnet\;C:\Program Files\nodejs\;C:\Program Files\Git\cmd;C:\Users\Reliance Digital\AppData\Local\Microsoft\WindowsApps;C:\Users\Reliance Digital\AppData\Local\Programs\Microsoft VS Code\bin;C:\Users\Reliance Digital\AppData\Roaming\npm;C:\Users\Reliance Digital\Downloads\Desktop;
USERNAME=Reliance Digital
OS=Windows_NT
PROCESSOR_IDENTIFIER=AMD64 Family 23 Model 24 Stepping 1, AuthenticAMD
TMP=C:\Users\RELIAN~1\AppData\Local\Temp
TEMP=C:\Users\RELIAN~1\AppData\Local\Temp




Periodic native trim disabled

---------------  S Y S T E M  ---------------

OS:
 Windows 10 , 64 bit Build 19041 (10.0.19041.662)
OS uptime: 4 days 13:08 hours

CPU: total 4 (initial active 4) (4 cores per cpu, 2 threads per core) family 23 model 24 stepping 1 microcode 0x0, cx8, cmov, fxsr, ht, mmx, 3dnowpref, sse, sse2, sse3, ssse3, sse4a, sse4.1, sse4.2, popcnt, lzcnt, tsc, tscinvbit, avx, avx2, aes, clmul, bmi1, bmi2, adx, sha, fma, vzeroupper, clflush, clflushopt, rdtscp, f16c
Processor Information for all 4 processors :
  Max Mhz: 2600, Current Mhz: 2600, Mhz Limit: 2600

Memory: 4k page, system-wide physical 3470M (235M free)
TotalPageFile size 14222M (AvailPageFile size 5M)
current process WorkingSet (physical memory assigned to process): 190M, peak: 236M
current process commit charge ("private bytes"): 263M, peak: 281M

vm_info: Java HotSpot(TM) 64-Bit Server VM (21.0.8+12-LTS-250) for windows-amd64 JRE (21.0.8+12-LTS-250), built on 2025-06-27T08:11:22Z by "mach5one" with MS VC++ 17.6 (VS2022)

END.
